FPS 100 
jacoanim/pic0001.png
jacoanim/pic0002.png
jacoanim/pic0003.png
jacoanim/pic0004.png
jacoanim/pic0005.png
jacoanim/pic0006.png
jacoanim/pic0007.png
jacoanim/pic0008.png
jacoanim/pic0009.png
jacoanim/pic0010.png
jacoanim/pic0011.png
jacoanim/pic0012.png
jacoanim/pic0013.png
jacoanim/pic0014.png
jacoanim/pic0015.png
jacoanim/pic0016.png
jacoanim/pic0017.png
jacoanim/pic0018.png
jacoanim/pic0019.png
jacoanim/pic0020.png
jacoanim/pic0021.png
jacoanim/pic0022.png
jacoanim/pic0023.png
jacoanim/pic0024.png
jacoanim/pic0025.png
jacoanim/pic0026.png
jacoanim/pic0027.png
jacoanim/pic0028.png
jacoanim/pic0029.png
jacoanim/pic0030.png
jacoanim/pic0031.png
jacoanim/pic0032.png
jacoanim/pic0033.png
jacoanim/pic0034.png
jacoanim/pic0035.png
jacoanim/pic0036.png
jacoanim/pic0037.png
jacoanim/pic0038.png
jacoanim/pic0039.png
jacoanim/pic0040.png
jacoanim/pic0041.png
jacoanim/pic0042.png
jacoanim/pic0043.png
jacoanim/pic0044.png
jacoanim/pic0045.png
jacoanim/pic0046.png
jacoanim/pic0047.png
jacoanim/pic0048.png
jacoanim/pic0049.png
jacoanim/pic0050.png
jacoanim/pic0051.png
jacoanim/pic0052.png
jacoanim/pic0053.png
jacoanim/pic0054.png
jacoanim/pic0055.png
jacoanim/pic0056.png
jacoanim/pic0057.png
jacoanim/pic0058.png
jacoanim/pic0059.png
jacoanim/pic0060.png
jacoanim/pic0061.png
jacoanim/pic0062.png
jacoanim/pic0063.png
jacoanim/pic0064.png
jacoanim/pic0065.png
jacoanim/pic0066.png
jacoanim/pic0067.png
jacoanim/pic0068.png
jacoanim/pic0069.png
jacoanim/pic0070.png
jacoanim/pic0071.png
jacoanim/pic0072.png
jacoanim/pic0073.png
jacoanim/pic0074.png
jacoanim/pic0075.png
jacoanim/pic0076.png
jacoanim/pic0077.png
jacoanim/pic0078.png
jacoanim/pic0079.png
jacoanim/pic0080.png
jacoanim/pic0081.png
jacoanim/pic0082.png
jacoanim/pic0083.png
jacoanim/pic0084.png
jacoanim/pic0085.png
jacoanim/pic0086.png
jacoanim/pic0087.png
jacoanim/pic0088.png
jacoanim/pic0089.png
jacoanim/pic0090.png
jacoanim/pic0091.png
jacoanim/pic0092.png
jacoanim/pic0093.png
jacoanim/pic0094.png
jacoanim/pic0095.png
jacoanim/pic0096.png
jacoanim/pic0097.png
jacoanim/pic0098.png
jacoanim/pic0099.png
jacoanim/pic0100.png
